<?xml version="1.0" encoding="UTF-8" standalone="no"?>
<!DOCTYPE log SYSTEM "logger.dtd">
<log>
<record>
  <date>2026-07-25T20:38:55.950544694Z</date>
  <millis>1785011935950</millis>
  <nanos>544694</nanos>
  <sequence>16</sequence>
  <logger>global</logger>
  <level>INFO</level>
  <class>dev.asjordi.request.RequestManager</class>
  <method>makeRequest</method>
  <thread>31</thread>
  <message>Starting HTTP request to BMX API</message>
</record>
<record>
  <date>2026-07-25T20:38:55.951100053Z</date>
  <millis>1785011935951</millis>
  <nanos>100053</nanos>
  <sequence>17</sequence>
  <logger>global</logger>
  <level>INFO</level>
  <class>dev.asjordi.request.RequestManager</class>
  <method>createHttpRequest</method>
  <thread>31</thread>
  <message>Building HTTP request</message>
</record>
<record>
  <date>2026-07-25T20:38:56.041456156Z</date>
  <millis>1785011936041</millis>
  <nanos>456156</nanos>
  <sequence>18</sequence>
  <logger>global</logger>
  <level>INFO</level>
  <class>dev.asjordi.request.RequestManager</class>
  <method>createHttpRequest</method>
  <thread>31</thread>
  <message>HTTP request built successfully</message>
</record>
<record>
  <date>2026-07-25T20:38:56.128680659Z</date>
  <millis>1785011936128</millis>
  <nanos>680659</nanos>
  <sequence>19</sequence>
  <logger>global</logger>
  <level>INFO</level>
  <class>dev.asjordi.request.RequestManager</class>
  <method>createHttpClient</method>
  <thread>31</thread>
  <message>HTTP client built successfully</message>
</record>
<record>
  <date>2026-07-25T20:38:56.583397876Z</date>
  <millis>1785011936583</millis>
  <nanos>397876</nanos>
  <sequence>20</sequence>
  <logger>global</logger>
  <level>INFO</level>
  <class>dev.asjordi.request.RequestManager</class>
  <method>makeRequest</method>
  <thread>31</thread>
  <message>HTTP request sent successfully</message>
</record>
<record>
  <date>2026-07-25T20:38:56.583975117Z</date>
  <millis>1785011936583</millis>
  <nanos>975117</nanos>
  <sequence>21</sequence>
  <logger>global</logger>
  <level>INFO</level>
  <class>dev.asjordi.DataMapper</class>
  <method>mapDataToObject</method>
  <thread>31</thread>
  <message>Mapping data to BmxResponse object</message>
</record>
<record>
  <date>2026-07-25T20:38:56.587411029Z</date>
  <millis>1785011936587</millis>
  <nanos>411029</nanos>
  <sequence>22</sequence>
  <logger>global</logger>
  <level>INFO</level>
  <class>dev.asjordi.DataMapper</class>
  <method>mapDataToObject</method>
  <thread>31</thread>
  <message>Data mapped to BmxResponse object successfully</message>
</record>
<record>
  <date>2026-07-25T20:38:56.593801768Z</date>
  <millis>1785011936593</millis>
  <nanos>801768</nanos>
  <sequence>23</sequence>
  <logger>global</logger>
  <level>INFO</level>
  <class>dev.asjordi.util.FileUtils</class>
  <method>writeFile</method>
  <thread>31</thread>
  <message>Attempting to write to file {}lastUpdate.txt</message>
</record>
<record>
  <date>2026-07-25T20:38:56.594545500Z</date>
  <millis>1785011936594</millis>
  <nanos>545500</nanos>
  <sequence>24</sequence>
  <logger>global</logger>
  <level>INFO</level>
  <class>dev.asjordi.util.FileUtils</class>
  <method>writeFile</method>
  <thread>31</thread>
  <message>Successfully wrote to file: lastUpdate.txt</message>
</record>
<record>
  <date>2026-07-25T20:38:56.595153919Z</date>
  <millis>1785011936595</millis>
  <nanos>153919</nanos>
  <sequence>25</sequence>
  <logger>global</logger>
  <level>INFO</level>
  <class>dev.asjordi.BmxDataProcessor</class>
  <method>saveLastUpdateToFile</method>
  <thread>31</thread>
  <message>Last update: 2026-07-24</message>
</record>
<record>
  <date>2026-07-25T20:38:56.595863256Z</date>
  <millis>1785011936595</millis>
  <nanos>863256</nanos>
  <sequence>26</sequence>
  <logger>global</logger>
  <level>INFO</level>
  <class>dev.asjordi.DataMapper</class>
  <method>mapDataToFile</method>
  <thread>31</thread>
  <message>Mapping Bmx object to file</message>
</record>
<record>
  <date>2026-07-25T20:38:56.639937963Z</date>
  <millis>1785011936639</millis>
  <nanos>937963</nanos>
  <sequence>27</sequence>
  <logger>global</logger>
  <level>INFO</level>
  <class>dev.asjordi.DataMapper</class>
  <method>mapDataToFile</method>
  <thread>31</thread>
  <message>Bmx object mapped to file successfully</message>
</record>
<record>
  <date>2026-07-25T20:38:56.640589912Z</date>
  <millis>1785011936640</millis>
  <nanos>589912</nanos>
  <sequence>28</sequence>
  <logger>global</logger>
  <level>INFO</level>
  <class>dev.asjordi.BmxDataProcessor</class>
  <method>saveDataToFile</method>
  <thread>31</thread>
  <message>Data saved successfully</message>
</record>
<record>
  <date>2026-07-25T20:38:56.646127345Z</date>
  <millis>1785011936646</millis>
  <nanos>127345</nanos>
  <sequence>29</sequence>
  <logger>global</logger>
  <level>INFO</level>
  <class>dev.asjordi.chart.TimeSeriesChart</class>
  <method>generateChart</method>
  <thread>31</thread>
  <message>Starting chart generation</message>
</record>
<record>
  <date>2026-07-25T20:38:59.684387137Z</date>
  <millis>1785011939684</millis>
  <nanos>387137</nanos>
  <sequence>30</sequence>
  <logger>global</logger>
  <level>INFO</level>
  <class>dev.asjordi.chart.TimeSeriesChart</class>
  <method>generateChart</method>
  <thread>31</thread>
  <message>Chart generated successfully</message>
</record>
</log>
